🚀 BETGO Dashboard starting...
📊 Open http://localhost:5000 in your browser
🎮 Simulation: http://localhost:5000/simulation
⏰ 🟢 Peak Time - Scan frequently!
🔑 The Odds API: 0 keys loaded
💬 Discord: Not configured (POST /api/discord/webhook)

📡 To start auto-scanning: POST /api/scanner/start
 * Serving Flask app 'app'
 * Debug mode: on
[31m[1mWARNING: This is a development server. Do not use it in a production deployment. Use a production WSGI server instead.[0m
 * Running on http://127.0.0.1:5000
[33mPress CTRL+C to quit[0m
 * Restarting with stat
 * Debugger is active!
 * Debugger PIN: 132-491-319
 * Detected change in '/app/tests/test_async_integration.py', reloading
🚀 BETGO Dashboard starting...
📊 Open http://localhost:5000 in your browser
🎮 Simulation: http://localhost:5000/simulation
⏰ 🟢 Peak Time - Scan frequently!
🔑 The Odds API: 0 keys loaded
💬 Discord: Not configured (POST /api/discord/webhook)

📡 To start auto-scanning: POST /api/scanner/start
 * Restarting with stat
 * Debugger is active!
 * Debugger PIN: 132-491-319
127.0.0.1 - - [18/Jan/2026 21:36:54] "GET / HTTP/1.1" 200 -
127.0.0.1 - - [18/Jan/2026 21:36:54] "GET /static/css/new_style.css HTTP/1.1" 200 -
127.0.0.1 - - [18/Jan/2026 21:36:54] "GET /static/js/app.js HTTP/1.1" 200 -
127.0.0.1 - - [18/Jan/2026 21:36:55] "GET /api/config HTTP/1.1" 200 -
127.0.0.1 - - [18/Jan/2026 21:36:55] "GET /api/scan/async?sports=&markets=h2h,spreads,totals&bookmakers=&min_roi=0.5&investment=500&hours= HTTP/1.1" 200 -
127.0.0.1 - - [18/Jan/2026 21:36:55] "GET /api/scan/status/bcbdf4b0-9ee5-4aa2-8c32-fb44fc4c417d HTTP/1.1" 200 -
127.0.0.1 - - [18/Jan/2026 21:36:56] "GET / HTTP/1.1" 200 -
127.0.0.1 - - [18/Jan/2026 21:36:56] "[36mGET /static/css/new_style.css HTTP/1.1[0m" 304 -
127.0.0.1 - - [18/Jan/2026 21:36:56] "[36mGET /static/js/app.js HTTP/1.1[0m" 304 -
127.0.0.1 - - [18/Jan/2026 21:36:56] "GET /api/config HTTP/1.1" 200 -
127.0.0.1 - - [18/Jan/2026 21:36:56] "GET /api/scan/async?sports=&markets=h2h,spreads,totals&bookmakers=&min_roi=0.5&investment=500&hours= HTTP/1.1" 200 -
127.0.0.1 - - [18/Jan/2026 21:36:56] "GET /api/scan/status/7c4c0835-f981-4814-af20-cff2cdf05edd HTTP/1.1" 200 -
 * Detected change in '/app/tests/test_async_integration.py', reloading
🚀 BETGO Dashboard starting...
📊 Open http://localhost:5000 in your browser
🎮 Simulation: http://localhost:5000/simulation
⏰ 🟢 Peak Time - Scan frequently!
🔑 The Odds API: 0 keys loaded
💬 Discord: Not configured (POST /api/discord/webhook)

📡 To start auto-scanning: POST /api/scanner/start
 * Restarting with stat
 * Debugger is active!
 * Debugger PIN: 132-491-319
 * Detected change in '/app/tests/test_async_integration.py', reloading
🚀 BETGO Dashboard starting...
📊 Open http://localhost:5000 in your browser
🎮 Simulation: http://localhost:5000/simulation
⏰ 🟢 Peak Time - Scan frequently!
🔑 The Odds API: 0 keys loaded
💬 Discord: Not configured (POST /api/discord/webhook)

📡 To start auto-scanning: POST /api/scanner/start
 * Restarting with stat
 * Debugger is active!
 * Debugger PIN: 132-491-319
 * Detected change in '/app/tests/test_async_integration.py', reloading
🚀 BETGO Dashboard starting...
📊 Open http://localhost:5000 in your browser
🎮 Simulation: http://localhost:5000/simulation
⏰ 🟢 Peak Time - Scan frequently!
🔑 The Odds API: 0 keys loaded
💬 Discord: Not configured (POST /api/discord/webhook)

📡 To start auto-scanning: POST /api/scanner/start
 * Restarting with stat
 * Debugger is active!
 * Debugger PIN: 132-491-319
 * Detected change in '/app/tests/test_async_integration.py', reloading
🚀 BETGO Dashboard starting...
📊 Open http://localhost:5000 in your browser
🎮 Simulation: http://localhost:5000/simulation
⏰ 🟢 Peak Time - Scan frequently!
🔑 The Odds API: 0 keys loaded
💬 Discord: Not configured (POST /api/discord/webhook)

📡 To start auto-scanning: POST /api/scanner/start
 * Restarting with stat
 * Debugger is active!
 * Debugger PIN: 132-491-319
127.0.0.1 - - [18/Jan/2026 21:37:26] "GET / HTTP/1.1" 200 -
127.0.0.1 - - [18/Jan/2026 21:37:26] "GET /static/js/app.js HTTP/1.1" 200 -
127.0.0.1 - - [18/Jan/2026 21:37:26] "GET /static/css/new_style.css HTTP/1.1" 200 -
127.0.0.1 - - [18/Jan/2026 21:37:26] "GET /api/config HTTP/1.1" 200 -
127.0.0.1 - - [18/Jan/2026 21:37:26] "GET /api/scan/async?sports=&markets=h2h,spreads,totals&bookmakers=&min_roi=0.5&investment=500&hours= HTTP/1.1" 200 -
127.0.0.1 - - [18/Jan/2026 21:37:26] "GET /api/scan/status/10d6eabd-17f4-4b97-a2f8-7f9a77619d70 HTTP/1.1" 200 -
127.0.0.1 - - [18/Jan/2026 21:37:26] "GET / HTTP/1.1" 200 -
127.0.0.1 - - [18/Jan/2026 21:37:26] "[36mGET /static/css/new_style.css HTTP/1.1[0m" 304 -
127.0.0.1 - - [18/Jan/2026 21:37:26] "[36mGET /static/js/app.js HTTP/1.1[0m" 304 -
127.0.0.1 - - [18/Jan/2026 21:37:26] "GET /api/config HTTP/1.1" 200 -
127.0.0.1 - - [18/Jan/2026 21:37:27] "GET /api/scan/async?sports=&markets=h2h,spreads,totals&bookmakers=&min_roi=0.5&investment=500&hours= HTTP/1.1" 200 -
127.0.0.1 - - [18/Jan/2026 21:37:27] "GET /api/scan/status/84b2e79e-c0e9-4170-ace5-373dcd067178 HTTP/1.1" 200 -
 * Detected change in '/app/tests/test_async_integration.py', reloading
🚀 BETGO Dashboard starting...
📊 Open http://localhost:5000 in your browser
🎮 Simulation: http://localhost:5000/simulation
⏰ 🟢 Peak Time - Scan frequently!
🔑 The Odds API: 0 keys loaded
💬 Discord: Not configured (POST /api/discord/webhook)

📡 To start auto-scanning: POST /api/scanner/start
 * Restarting with stat
 * Debugger is active!
 * Debugger PIN: 132-491-319
 * Detected change in '/app/tests/test_async_integration.py', reloading
🚀 BETGO Dashboard starting...
📊 Open http://localhost:5000 in your browser
🎮 Simulation: http://localhost:5000/simulation
⏰ 🟢 Peak Time - Scan frequently!
🔑 The Odds API: 0 keys loaded
💬 Discord: Not configured (POST /api/discord/webhook)

📡 To start auto-scanning: POST /api/scanner/start
 * Restarting with stat
 * Debugger is active!
 * Debugger PIN: 132-491-319
 * Detected change in '/app/tests/test_async_integration.py', reloading
🚀 BETGO Dashboard starting...
📊 Open http://localhost:5000 in your browser
🎮 Simulation: http://localhost:5000/simulation
⏰ 🟢 Peak Time - Scan frequently!
🔑 The Odds API: 0 keys loaded
💬 Discord: Not configured (POST /api/discord/webhook)

📡 To start auto-scanning: POST /api/scanner/start
 * Restarting with stat
 * Debugger is active!
 * Debugger PIN: 132-491-319
